Traceback (most recent call last):
  File "/opt/hostedtoolcache/Python/3.11.16/x64/lib/python3.11/site-packages/urllib3/connectionpool.py", line 788, in urlopen
    response = self._make_request(
               ^^^^^^^^^^^^^^^^^^^
  File "/opt/hostedtoolcache/Python/3.11.16/x64/lib/python3.11/site-packages/urllib3/connectionpool.py", line 534, in _make_request
    response = conn.getresponse()
               ^^^^^^^^^^^^^^^^^^
  File "/opt/hostedtoolcache/Python/3.11.16/x64/lib/python3.11/site-packages/urllib3/connection.py", line 571, in getresponse
    httplib_response = super().getresponse()
                       ^^^^^^^^^^^^^^^^^^^^^
  File "/opt/hostedtoolcache/Python/3.11.16/x64/lib/python3.11/http/client.py", line 1443, in getresponse
    response.begin()
  File "/opt/hostedtoolcache/Python/3.11.16/x64/lib/python3.11/http/client.py", line 337, in begin
    version, status, reason = self._read_status()
                              ^^^^^^^^^^^^^^^^^^^
  File "/opt/hostedtoolcache/Python/3.11.16/x64/lib/python3.11/http/client.py", line 306, in _read_status
    raise RemoteDisconnected("Remote end closed connection without"
http.client.RemoteDisconnected: Remote end closed connection without response

During handling of the above exception, another exception occurred:

Traceback (most recent call last):
  File "/opt/hostedtoolcache/Python/3.11.16/x64/lib/python3.11/site-packages/requests/adapters.py", line 696, in send
    resp = conn.urlopen(
           ^^^^^^^^^^^^^
  File "/opt/hostedtoolcache/Python/3.11.16/x64/lib/python3.11/site-packages/urllib3/connectionpool.py", line 842, in urlopen
    retries = retries.increment(
              ^^^^^^^^^^^^^^^^^^
  File "/opt/hostedtoolcache/Python/3.11.16/x64/lib/python3.11/site-packages/urllib3/util/retry.py", line 498, in increment
    raise reraise(type(error), error, _stacktrace)
          ^^^^^^^^^^^^^^^^^^^^^^^^^^^^^^^^^^^^^^^^
  File "/opt/hostedtoolcache/Python/3.11.16/x64/lib/python3.11/site-packages/urllib3/util/util.py", line 38, in reraise
    raise value.with_traceback(tb)
  File "/opt/hostedtoolcache/Python/3.11.16/x64/lib/python3.11/site-packages/urllib3/connectionpool.py", line 788, in urlopen
    response = self._make_request(
               ^^^^^^^^^^^^^^^^^^^
  File "/opt/hostedtoolcache/Python/3.11.16/x64/lib/python3.11/site-packages/urllib3/connectionpool.py", line 534, in _make_request
    response = conn.getresponse()
               ^^^^^^^^^^^^^^^^^^
  File "/opt/hostedtoolcache/Python/3.11.16/x64/lib/python3.11/site-packages/urllib3/connection.py", line 571, in getresponse
    httplib_response = super().getresponse()
                       ^^^^^^^^^^^^^^^^^^^^^
  File "/opt/hostedtoolcache/Python/3.11.16/x64/lib/python3.11/http/client.py", line 1443, in getresponse
    response.begin()
  File "/opt/hostedtoolcache/Python/3.11.16/x64/lib/python3.11/http/client.py", line 337, in begin
    version, status, reason = self._read_status()
                              ^^^^^^^^^^^^^^^^^^^
  File "/opt/hostedtoolcache/Python/3.11.16/x64/lib/python3.11/http/client.py", line 306, in _read_status
    raise RemoteDisconnected("Remote end closed connection without"
urllib3.exceptions.ProtocolError: ('Connection aborted.', RemoteDisconnected('Remote end closed connection without response'))

During handling of the above exception, another exception occurred:

Traceback (most recent call last):
  File "/home/runner/work/jeetz/jeetz/tools/rating-extractor/fetch.py", line 496, in main
    records = FETCHERS[source](session, entity)
              ^^^^^^^^^^^^^^^^^^^^^^^^^^^^^^^^^
  File "/home/runner/work/jeetz/jeetz/tools/rating-extractor/fetch.py", line 226, in fetch_icra
    resp = session.post(
           ^^^^^^^^^^^^^
  File "/opt/hostedtoolcache/Python/3.11.16/x64/lib/python3.11/site-packages/requests/sessions.py", line 712, in post
    return self.request("POST", url, data=data, json=json, **kwargs)
           ^^^^^^^^^^^^^^^^^^^^^^^^^^^^^^^^^^^^^^^^^^^^^^^^^^^^^^^^^
  File "/opt/hostedtoolcache/Python/3.11.16/x64/lib/python3.11/site-packages/requests/sessions.py", line 651, in request
    resp = self.send(prep, **send_kwargs)
           ^^^^^^^^^^^^^^^^^^^^^^^^^^^^^^
  File "/opt/hostedtoolcache/Python/3.11.16/x64/lib/python3.11/site-packages/requests/sessions.py", line 784, in send
    r = adapter.send(request, **kwargs)
        ^^^^^^^^^^^^^^^^^^^^^^^^^^^^^^^
  File "/opt/hostedtoolcache/Python/3.11.16/x64/lib/python3.11/site-packages/requests/adapters.py", line 711, in send
    raise ConnectionError(err, request=request)
requests.exceptions.ConnectionError: ('Connection aborted.', RemoteDisconnected('Remote end closed connection without response'))
Fetching 3 entities from India Ratings, ICRA, CRISIL

== Bajaj Finance Limited
    [IR] PR 81837 (10 Mar 2026): 334 records
    [IR] PR 76931 (16 Jun 2025): 315 records
    [India Ratings] stored 0 new record(s)
    [ICRA] fetch failed: ('Connection aborted.', RemoteDisconnected('Remote end closed connection without response'))
    [CRISIL] searched via "input[placeholder*='Search']"
    [CRISIL] clicking suggestion 'Bajaj Finance Limited'
    [CRISIL] 3 document anchors, 1 rating rationales, 1 matched entity
    [CRISIL] BajajFinanceLimited_July%2029_%202026_RR_401403.html: 14 records
    [CRISIL] stored 14 new record(s)

== Cholamandalam Investment And Finance Company Limited
    [IR] PR 81585 has no bank facilities (likely NCD/CP only) -> captures/_fetch_debug/ir_no_facilities_81585.json
    [IR] PR 81585 (24 Feb 2026): 0 records
    [IR] PR 75207 has no bank facilities (likely NCD/CP only) -> captures/_fetch_debug/ir_no_facilities_75207.json
    [IR] PR 75207 (25 Feb 2025): 0 records
    [ICRA] search hit with PageType=ALL key='Cholamandalam Investment And Finance Company Limited'
    [ICRA] report 145472: 0 records
    [ICRA] report 145427: 12 records
    [ICRA] stored 0 new record(s)
    [CRISIL] searched via "input[placeholder*='Search']"
    [CRISIL] clicking suggestion 'Cholamandalam Investment and Finance Company Limited'
    [CRISIL] 72 document anchors, 1 rating rationales, 1 matched entity
[crisil] Document subject is 'Detailed Rationale Crisil Ratings has reaffirmed its', not 'Cholamandalam Investment And Finance Company Limited' — skipping (a rationale for another entity is not an action on this one).
    [CRISIL] CholamandalamInvestmentandFinanceCompanyLimited_February%202: 0 records

== Power Finance Corporation Limited
    [IR] PR 84119 (09 Jul 2026): 7 records
    [IR] PR 76305 (23 Apr 2025): 16 records
    [India Ratings] stored 0 new record(s)
    [ICRA] search hit with PageType=ALL key='Power Finance Corporation Limited'
    [ICRA] report 140489: 0 records
    [ICRA] report 132789: 0 records
    [CRISIL] searched via "input[placeholder*='Search']"
    [CRISIL] clicking suggestion 'Power Finance Corporation Limited'
    [CRISIL] 1 document anchors, 1 rating rationales, 1 matched entity
    [CRISIL] PowerFinanceCorporationLimited_August%2005_%202026_RR_401595: 88 records
    [CRISIL] stored 88 new record(s)

=== summary ===
  India Ratings: 0 new record(s)
  ICRA: 0 new record(s)
  CRISIL: 102 new record(s)
